ESP-ROM:esp32p4-eco2-20240710
Build:Jul 10 2024
rst:0x17 (CHIP_USB_UART_RESET),boot:0x1e (SPI_FAST_FLASH_BOOT)
Core0 Saved PC:0x4ff03ede
Core1 Saved PC:0x4ff03ede
SPI mode:DIO, clock div:1
load:0x4ff33ce0,len:0x17c4
load:0x4ff2abd0,len:0x1034
load:0x4ff2cbd0,len:0x3438
entry 0x4ff2abda
[0;32mI (27) boot: ESP-IDF v5.4.4-1-ge33cc478aa-dirty 2nd stage bootloader[0m
[0;32mI (28) boot: compile time May  4 2026 11:52:47[0m
[0;32mI (29) boot: Multicore bootloader[0m
[0;32mI (30) boot: chip revision: v1.3[0m
[0;32mI (32) boot: efuse block revision: v0.3[0m
[0;32mI (36) qio_mode: Enabling default flash chip QIO[0m
[0;32mI (40) boot.esp32p4: SPI Speed      : 80MHz[0m
[0;32mI (44) boot.esp32p4: SPI Mode       : QIO[0m
[0;32mI (48) boot.esp32p4: SPI Flash Size : 16MB[0m
[0;32mI (52) boot: Enabling RNG early entropy source...[0m
[0;32mI (56) boot: Partition Table:[0m
[0;32mI (59) boot: ## Label            Usage          Type ST Offset   Length[0m
[0;32mI (65) boot:  0 nvs              WiFi data        01 02 00009000 00006000[0m
[0;32mI (72) boot:  1 phy_init         RF data          01 01 0000f000 00001000[0m
[0;32mI (78) boot:  2 factory          factory app      00 00 00010000 00100000[0m
[0;32mI (85) boot: End of partition table[0m
[0;32mI (88) esp_image: segment 0: paddr=00010020 vaddr=48040020 size=10370h ( 66416) map[0m
[0;32mI (104) esp_image: segment 1: paddr=00020398 vaddr=30100000 size=00068h (   104) load[0m
[0;32mI (106) esp_image: segment 2: paddr=00020408 vaddr=4ff00000 size=0fc10h ( 64528) load[0m
[0;32mI (121) esp_image: segment 3: paddr=00030020 vaddr=48000020 size=335e0h (210400) map[0m
[0;32mI (148) esp_image: segment 4: paddr=00063608 vaddr=4ff0fc10 size=03a7ch ( 14972) load[0m
[0;32mI (152) esp_image: segment 5: paddr=0006708c vaddr=4ff13700 size=05e8ch ( 24204) load[0m
[0;32mI (162) boot: Loaded app from partition at offset 0x10000[0m
[0;32mI (162) boot: Disabling RNG early entropy source...[0m
[0;32mI (176) hex_psram: vendor id    : 0x0d (AP)[0m
[0;32mI (176) hex_psram: Latency      : 0x01 (Fixed)[0m
[0;32mI (177) hex_psram: DriveStr.    : 0x00 (25 Ohm)[0m
[0;32mI (178) hex_psram: dev id       : 0x03 (generation 4)[0m
[0;32mI (182) hex_psram: density      : 0x07 (256 Mbit)[0m
[0;32mI (186) hex_psram: good-die     : 0x06 (Pass)[0m
[0;32mI (190) hex_psram: SRF          : 0x02 (Slow Refresh)[0m
[0;32mI (195) hex_psram: BurstType    : 0x00 ( Wrap)[0m
[0;32mI (199) hex_psram: BurstLen     : 0x03 (2048 Byte)[0m
[0;32mI (204) hex_psram: BitMode      : 0x01 (X16 Mode)[0m
[0;32mI (208) hex_psram: Readlatency  : 0x04 (14 cycles@Fixed)[0m
[0;32mI (213) hex_psram: DriveStrength: 0x00 (1/1)[0m
[0;32mI (218) MSPI DQS: tuning success, best phase id is 0[0m
[0;32mI (395) MSPI DQS: tuning success, best delayline id is 16[0m
I esp_psram: Found 32MB PSRAM device
I esp_psram: Speed: 200MHz
[0;32mI (404) mmu_psram: .rodata xip on psram[0m
[0;32mI (418) mmu_psram: .text xip on psram[0m
[0;32mI (419) hex_psram: psram CS IO is dedicated[0m
[0;32mI (420) cpu_start: Multicore app[0m
[0;32mI (1358) esp_psram: SPI SRAM memory test OK[0m
[0;32mI (1368) cpu_start: GPIO 38 and 37 are used as console UART I/O pins[0m
[0;32mI (1368) cpu_start: Pro cpu start user code[0m
[0;32mI (1369) cpu_start: cpu freq: 360000000 Hz[0m
[0;32mI (1371) app_init: Application information:[0m
[0;32mI (1374) app_init: Project name:     tf_usb_msc[0m
[0;32mI (1379) app_init: App version:      7aa5363-dirty[0m
[0;32mI (1383) app_init: Compile time:     May  5 2026 18:16:43[0m
[0;32mI (1388) app_init: ELF file SHA256:  acd290b6c...[0m
[0;32mI (1393) app_init: ESP-IDF:          v5.4.4-1-ge33cc478aa-dirty[0m
[0;32mI (1399) efuse_init: Min chip rev:     v0.1[0m
[0;32mI (1402) efuse_init: Max chip rev:     v1.99 [0m
[0;32mI (1406) efuse_init: Chip rev:         v1.3[0m
[0;32mI (1410) heap_init: Initializing. RAM available for dynamic allocation:[0m
[0;32mI (1417) heap_init: At 4FF1B3B0 len 0001FC10 (127 KiB): RETENT_RAM[0m
[0;32mI (1423) heap_init: At 4FF3AFC0 len 00004BF0 (18 KiB): RAM[0m
[0;32mI (1428) heap_init: At 4FF40000 len 00060000 (384 KiB): RAM[0m
[0;32mI (1433) heap_init: At 50108080 len 00007F80 (31 KiB): RTCRAM[0m
[0;32mI (1439) heap_init: At 30100068 len 00001F98 (7 KiB): TCM[0m
[0;32mI (1444) esp_psram: Adding pool of 32384K of PSRAM memory to heap allocator[0m
[0;32mI (1450) esp_psram: Adding pool of 50K of PSRAM memory gap generated due to end address alignment of irom to the heap allocator[0m
[0;32mI (1462) esp_psram: Adding pool of 63K of PSRAM memory gap generated due to end address alignment of drom to the heap allocator[0m
[0;32mI (1473) spi_flash: detected chip: generic[0m
[0;32mI (1477) spi_flash: flash io: qio[0m
[0;32mI (1480) sleep_gpio: Configure to isolate all GPIO pins in sleep state[0m
[0;32mI (1486) sleep_gpio: Enable automatic switching of GPIO sleep configuration[0m
[0;32mI (1496) esp_psram: Reserving pool of 32K of internal memory for DMA/internal allocations[0m
[0;32mI (1368) esp_psram: SPI SRAM memory test OK[0m
[0;32mI (1378) cpu_start: GPIO 38 and 37 are used as console UART I/O pins[0m
[0;32mI (1379) cpu_start: Pro cpu start user code[0m
[0;32mI (1379) cpu_start: cpu freq: 360000000 Hz[0m
[0;32mI (1381) app_init: Application information:[0m
[0;32mI (1385) app_init: Project name:     tf_usb_msc[0m
[0;32mI (1389) app_init: App version:      7aa5363-dirty[0m
[0;32mI (1393) app_init: Compile time:     May  5 2026 18:16:43[0m
[0;32mI (1398) app_init: ELF file SHA256:  acd290b6c...[0m
[0;32mI (1403) app_init: ESP-IDF:          v5.4.4-1-ge33cc478aa-dirty[0m
[0;32mI (1409) efuse_init: Min chip rev:     v0.1[0m
[0;32mI (1412) efuse_init: Max chip rev:     v1.99 [0m
[0;32mI (1416) efuse_init: Chip rev:         v1.3[0m
[0;32mI (1420) heap_init: Initializing. RAM available for dynamic allocation:[0m
[0;32mI (1427) heap_init: At 4FF1B3B0 len 0001FC10 (127 KiB): RETENT_RAM[0m
[0;32mI (1433) heap_init: At 4FF3AFC0 len 00004BF0 (18 KiB): RAM[0m
[0;32mI (1438) heap_init: At 4FF40000 len 00060000 (384 KiB): RAM[0m
[0;32mI (1443) heap_init: At 50108080 len 00007F80 (31 KiB): RTCRAM[0m
[0;32mI (1449) heap_init: At 30100068 len 00001F98 (7 KiB): TCM[0m
[0;32mI (1454) esp_psram: Adding pool of 32384K of PSRAM memory to heap allocator[0m
[0;32mI (1460) esp_psram: Adding pool of 50K of PSRAM memory gap generated due to end address alignment of irom to the heap allocator[0m
[0;32mI (1472) esp_psram: Adding pool of 63K of PSRAM memory gap generated due to end address alignment of drom to the heap allocator[0m
[0;32mI (1483) spi_flash: detected chip: generic[0m
[0;32mI (1487) spi_flash: flash io: qio[0m
[0;32mI (1490) sleep_gpio: Configure to isolate all GPIO pins in sleep state[0m
[0;32mI (1496) sleep_gpio: Enable automatic switching of GPIO sleep configuration[0m
[0;32mI (1506) esp_psram: Reserving pool of 32K of internal memory for DMA/internal allocations[0m
